
> @waishnav/devspace@1.0.7 build
> npm run clean && npm run build:app && tsc -p tsconfig.build.json


> @waishnav/devspace@1.0.7 clean
> node -e "require('node:fs').rmSync('dist', { recursive: true, force: true })"


> @waishnav/devspace@1.0.7 build:app
> vite build

[36mvite v8.0.16 [32mbuilding client environment for production...[36m[39m
[2Ktransforming...✓ 2496 modules transformed.
rendering chunks...
computing gzip size...
dist/ui/workspace-app.html                               0.51 kB │ gzip:   0.32 kB
dist/ui/.vite/manifest.json                             95.17 kB │ gzip:  10.30 kB
dist/ui/assets/workspace-app-BK4ezhSd.css               23.11 kB │ gzip:   4.20 kB
dist/ui/assets/v4-PT_i5lIJ.js                            0.05 kB │ gzip:   0.06 kB
dist/ui/assets/codeowners-C8r90Shi.js                    0.54 kB │ gzip:   0.31 kB
dist/ui/assets/chunk-EyZ2wyi3.js                         0.61 kB │ gzip:   0.39 kB
dist/ui/assets/shellsession-BpE5o7_3.js                  0.71 kB │ gzip:   0.42 kB
dist/ui/assets/tsv-sltzmVWM.js                           0.73 kB │ gzip:   0.33 kB
dist/ui/assets/html-derivative-DJAQcZyc.js               0.84 kB │ gzip:   0.46 kB
dist/ui/assets/git-rebase-utbU6CzV.js                    0.98 kB │ gzip:   0.43 kB
dist/ui/assets/qmldir-DCQb3MpD.js                        0.99 kB │ gzip:   0.44 kB
dist/ui/assets/csv-Dx-8-gkx.js                           1.13 kB │ gzip:   0.36 kB
dist/ui/assets/git-commit-BSykSTBG.js                    1.22 kB │ gzip:   0.52 kB
dist/ui/assets/xsl-3_vJ27aE.js                           1.36 kB │ gzip:   0.49 kB
dist/ui/assets/dotenv-_5a1GRtc.js                        1.41 kB │ gzip:   0.52 kB
dist/ui/assets/sparql-D_iOobhT.js                        1.47 kB │ gzip:   0.81 kB
dist/ui/assets/ini-B5eOa1yu.js                           1.51 kB │ gzip:   0.49 kB
dist/ui/assets/diff-payload-2hoMlpzx.js                  1.62 kB │ gzip:   0.78 kB
dist/ui/assets/fortran-fixed-form-DEKoE2YW.js            1.66 kB │ gzip:   0.68 kB
dist/ui/assets/docker-IyjqRm3v.js                        1.73 kB │ gzip:   0.59 kB
dist/ui/assets/hxml-B0Qn7Nwc.js                          1.74 kB │ gzip:   0.87 kB
dist/ui/assets/desktop-Dlh5hvp9.js                       1.82 kB │ gzip:   0.75 kB
dist/ui/assets/heavy-payload-MmpEH9II.js                 2.11 kB │ gzip:   0.98 kB
dist/ui/assets/erb-DHFmDvM0.js                           2.13 kB │ gzip:   0.62 kB
dist/ui/assets/wenyan-C8pVoKbM.js                        2.15 kB │ gzip:   1.08 kB
dist/ui/assets/jssm-DXw9l8Rf.js                          2.23 kB │ gzip:   0.61 kB
dist/ui/assets/edge-CESgo4ia.js                          2.30 kB │ gzip:   0.67 kB
dist/ui/assets/reg-CRGYupPL.js                           2.33 kB │ gzip:   0.69 kB
dist/ui/assets/diff-woXpYk--.js                          2.56 kB │ gzip:   0.68 kB
dist/ui/assets/gleam-CSRkHgEL.js                         2.57 kB │ gzip:   0.81 kB
dist/ui/assets/hy-CZbG8q4J.js                            2.64 kB │ gzip:   1.17 kB
dist/ui/assets/openscad-BUDT5pXO.js                      2.81 kB │ gzip:   1.00 kB
dist/ui/assets/log-BNLmms1o.js                           2.84 kB │ gzip:   0.89 kB
dist/ui/assets/json-Cw91r8h1.js                          2.87 kB │ gzip:   0.81 kB
dist/ui/assets/cairo-DLTphjLi.js                         2.93 kB │ gzip:   0.80 kB
dist/ui/assets/berry-DKpUyyne.js                         2.99 kB │ gzip:   0.80 kB
dist/ui/assets/jsonl-CmCQp5Yx.js                         3.00 kB │ gzip:   0.78 kB
dist/ui/assets/jsonc-CYpm1nAK.js                         3.10 kB │ gzip:   0.78 kB
dist/ui/assets/logo-Cluzi2Zq.js                          3.12 kB │ gzip:   1.46 kB
dist/ui/assets/po-BiJDBrnU.js                            3.23 kB │ gzip:   0.90 kB
dist/ui/assets/json5-BR5RXkoi.js                         3.24 kB │ gzip:   0.82 kB
dist/ui/assets/mipsasm-BMqwQI7S.js                       3.25 kB │ gzip:   1.17 kB
dist/ui/assets/tasl-DMoTqEGO.js                          3.28 kB │ gzip:   0.84 kB
dist/ui/assets/genie-CV2tkWYe.js                         3.34 kB │ gzip:   1.20 kB
dist/ui/assets/rel-BtDbiS_P.js                           3.36 kB │ gzip:   1.10 kB
dist/ui/assets/vala-zf12oZj6.js                          3.36 kB │ gzip:   1.18 kB
dist/ui/assets/splunk-BC2Px7Mm.js                        3.42 kB │ gzip:   1.51 kB
dist/ui/assets/hurl-Y5uYzMZR.js                          3.51 kB │ gzip:   1.09 kB
dist/ui/assets/fluent-C03EYrpw.js                        3.60 kB │ gzip:   0.89 kB
dist/ui/assets/ssh-config-BgfXC-Er.js                    3.61 kB │ gzip:   1.59 kB
dist/ui/assets/jsonnet-CJTPZ8u_.js                       3.61 kB │ gzip:   1.03 kB
dist/ui/assets/kdl-CsD5j6eV.js                           3.62 kB │ gzip:   1.03 kB
dist/ui/assets/narrat-_X_XdTYD.js                        3.66 kB │ gzip:   1.09 kB
dist/ui/assets/glsl-_ooCjaeB.js                          3.68 kB │ gzip:   1.45 kB
dist/ui/assets/turtle-ByJddavk.js                        3.69 kB │ gzip:   0.96 kB
dist/ui/assets/zenscript-BnlCZFoB.js                     3.90 kB │ gzip:   1.28 kB
dist/ui/assets/ron-VUp2lXgN.js                           3.90 kB │ gzip:   0.97 kB
dist/ui/assets/gn-ilITqXS6.js                            3.99 kB │ gzip:   1.47 kB
dist/ui/assets/pascal-4ZHwLPI5.js                        4.14 kB │ gzip:   1.67 kB
dist/ui/assets/http-Dg5LSYRK.js                          4.41 kB │ gzip:   1.06 kB
dist/ui/assets/tcl-CZd0xW_V.js                           4.42 kB │ gzip:   1.50 kB
dist/ui/assets/nextflow-Bbiyy34d.js                      4.50 kB │ gzip:   1.16 kB
dist/ui/assets/rosmsg-CAekHB0j.js                        4.51 kB │ gzip:   1.05 kB
dist/ui/assets/polar-C7UOKdEL.js                         4.66 kB │ gzip:   1.12 kB
dist/ui/assets/sdbl-bTVj8UrX.js                          4.69 kB │ gzip:   2.00 kB
dist/ui/assets/review-payload-DTedo3u-.js                4.72 kB │ gzip:   1.82 kB
dist/ui/assets/fennel-DQxkIbk2.js                        4.76 kB │ gzip:   1.53 kB
dist/ui/assets/bibtex-Ci_nEsc7.js                        4.78 kB │ gzip:   0.83 kB
dist/ui/assets/llvm-Cm23YOpf.js                          5.04 kB │ gzip:   2.01 kB
dist/ui/assets/wgsl-BsKzXJz4.js                          5.13 kB │ gzip:   1.38 kB
dist/ui/assets/gdresource-C0sCabJj.js                    5.28 kB │ gzip:   1.33 kB
dist/ui/assets/zig-CMLA9XwU.js                           5.33 kB │ gzip:   1.55 kB
dist/ui/assets/qml-CjxTkcFH.js                           5.33 kB │ gzip:   1.38 kB
dist/ui/assets/dax-BkyTk9wS.js                           5.35 kB │ gzip:   2.21 kB
dist/ui/assets/bicep-CUHmPFLl.js                         5.37 kB │ gzip:   1.14 kB
dist/ui/assets/xml-JnmX6vyS.js                           5.43 kB │ gzip:   1.24 kB
dist/ui/assets/awk-BWXHIvNe.js                           5.45 kB │ gzip:   1.37 kB
dist/ui/assets/coq-BrsZFFmf.js                           5.54 kB │ gzip:   1.91 kB
dist/ui/assets/jinja-Bt30h8Ik.js                         5.62 kB │ gzip:   1.36 kB
dist/ui/assets/lean-CewbzKMR.js                          5.77 kB │ gzip:   1.91 kB
dist/ui/assets/moonbit-CaWjb8XO.js                       5.89 kB │ gzip:   1.67 kB
dist/ui/assets/powerquery-DNMTfnFr.js                    5.89 kB │ gzip:   1.51 kB
dist/ui/assets/shaderlab-TOUzSsQk.js                     5.91 kB │ gzip:   2.08 kB
dist/ui/assets/verilog-CiiDBU1e.js                       5.92 kB │ gzip:   1.89 kB
dist/ui/assets/cypher-ClKdZ_lG.js                        5.94 kB │ gzip:   1.71 kB
dist/ui/assets/vb-Djn5o6TS.js                            6.08 kB │ gzip:   2.33 kB
dist/ui/assets/red-CJ3rzSJv.js                           6.25 kB │ gzip:   1.59 kB
dist/ui/assets/min-dark-BSWPekZh.js                      6.28 kB │ gzip:   1.70 kB
dist/ui/assets/gdshader-CBce3t8t.js                      6.31 kB │ gzip:   1.72 kB
dist/ui/assets/prisma-BsRQq5mF.js                        6.32 kB │ gzip:   1.38 kB
dist/ui/assets/ara-4CJ0cIlV.js                           6.35 kB │ gzip:   1.80 kB
dist/ui/assets/clojure-DqKBuwfJ.js                       6.40 kB │ gzip:   1.41 kB
dist/ui/assets/postcss-BXeXVLqQ.js                       6.41 kB │ gzip:   1.90 kB
dist/ui/assets/toml-CcmNWLt0.js                          6.41 kB │ gzip:   1.28 kB
dist/ui/assets/solarized-light-DSh2HLQt.js               6.47 kB │ gzip:   1.71 kB
dist/ui/assets/proto-DB4EqR-F.js                         6.54 kB │ gzip:   1.41 kB
dist/ui/assets/smalltalk-B16xEiuN.js                     6.58 kB │ gzip:   1.61 kB
dist/ui/assets/r-DfFga4si.js                             6.59 kB │ gzip:   1.82 kB
dist/ui/assets/talonscript-CohzipZa.js                   6.75 kB │ gzip:   1.48 kB
dist/ui/assets/solarized-dark-DV17i1UV.js                6.84 kB │ gzip:   1.78 kB
dist/ui/assets/riscv-Ckw8ddFX.js                         6.90 kB │ gzip:   1.97 kB
dist/ui/assets/soy-COesmhTY.js                           6.92 kB │ gzip:   1.62 kB
dist/ui/assets/min-light-DDpmG2fV.js                     6.96 kB │ gzip:   1.88 kB
dist/ui/assets/scheme-DQCgrYNe.js                        7.16 kB │ gzip:   2.04 kB
dist/ui/assets/hlsl-Cvrh5tZx.js                          7.25 kB │ gzip:   2.18 kB
dist/ui/assets/qss-Fe1Jh2GI.js                           7.46 kB │ gzip:   2.57 kB
dist/ui/assets/dart-DkHntEIa.js                          7.80 kB │ gzip:   1.91 kB
dist/ui/assets/systemd-BxMlprV5.js                       7.86 kB │ gzip:   2.54 kB
dist/ui/assets/monokai-CdkpiU2Y.js                       7.88 kB │ gzip:   1.90 kB
dist/ui/assets/regexp-iC9_nbSI.js                        8.04 kB │ gzip:   1.46 kB
dist/ui/assets/haml-BU5EoZBn.js                          8.32 kB │ gzip:   1.85 kB
dist/ui/assets/typst-DI99ib-x.js                         8.38 kB │ gzip:   1.66 kB
dist/ui/assets/vue-html-BHtJ8geX.js                      8.47 kB │ gzip:   1.68 kB
dist/ui/assets/plsql-DGHpHOYJ.js                         8.50 kB │ gzip:   2.99 kB
dist/ui/assets/file-payload-CQ27JXRO.js                  8.61 kB │ gzip:   2.99 kB
dist/ui/assets/horizon-CE9ld1lL.js                       8.77 kB │ gzip:   1.94 kB
dist/ui/assets/kotlin-DhhofPvG.js                        8.77 kB │ gzip:   2.12 kB
dist/ui/assets/horizon-bright-Br1oVSNq.js                8.78 kB │ gzip:   1.96 kB
dist/ui/assets/ts-tags-Bewoa6pS.js                       8.92 kB │ gzip:   1.20 kB
dist/ui/assets/make-Dixweg8N.js                          8.95 kB │ gzip:   1.76 kB
dist/ui/assets/andromeeda-vGVdxbeo.js                    9.01 kB │ gzip:   2.35 kB
dist/ui/assets/sas-BnMEh2S3.js                           9.06 kB │ gzip:   3.82 kB
dist/ui/assets/dark-plus-Cs2F2srj.js                     9.09 kB │ gzip:   2.10 kB
dist/ui/assets/slack-dark-DnToyrRv.js                    9.11 kB │ gzip:   1.96 kB
dist/ui/assets/sass-DXrisJhu.js                          9.28 kB │ gzip:   2.48 kB
dist/ui/assets/plastic-DQwYfKfQ.js                       9.29 kB │ gzip:   1.96 kB
dist/ui/assets/slack-ochin-B2OO5cIa.js                   9.42 kB │ gzip:   2.08 kB
dist/ui/assets/tex-t1rUiQCm.js                           9.67 kB │ gzip:   3.06 kB
dist/ui/assets/jison-D5uZ1Nyo.js                         9.69 kB │ gzip:   1.86 kB
dist/ui/assets/cmake-Bj61d0ZC.js                         9.84 kB │ gzip:   3.37 kB
dist/ui/assets/light-plus-DVQuIRkW.js                    9.93 kB │ gzip:   2.27 kB
dist/ui/assets/hcl-Dh228itO.js                          10.04 kB │ gzip:   1.93 kB
dist/ui/assets/rst-oy_97Kl4.js                          10.31 kB │ gzip:   2.24 kB
dist/ui/assets/pkl-ot-7Btpt.js                          10.36 kB │ gzip:   1.37 kB
dist/ui/assets/beancount-D-usSTwE.js                    10.36 kB │ gzip:   1.43 kB
dist/ui/assets/nextflow-groovy-Dc_ddanL.js              10.39 kB │ gzip:   2.12 kB
dist/ui/assets/dream-maker-DW3nJb8Q.js                  10.46 kB │ gzip:   2.25 kB
dist/ui/assets/raku-B3gFvitq.js                         10.46 kB │ gzip:   2.94 kB
dist/ui/assets/yaml-OAcZkP-w.js                         10.56 kB │ gzip:   2.31 kB
dist/ui/assets/just-CDE7W0vW.js                         10.76 kB │ gzip:   2.60 kB
dist/ui/assets/elm-Dv7A0aLa.js                          10.94 kB │ gzip:   2.09 kB
dist/ui/assets/github-light-EUqPIrTm.js                 11.18 kB │ gzip:   2.49 kB
dist/ui/assets/prolog-iXnhIJG7.js                       11.34 kB │ gzip:   3.84 kB
dist/ui/assets/terraform-DswuEJGm.js                    11.38 kB │ gzip:   2.51 kB
dist/ui/assets/github-dark-C-LZuMrd.js                  11.40 kB │ gzip:   2.53 kB
dist/ui/assets/puppet-CDv2pdJW.js                       11.43 kB │ gzip:   2.10 kB
dist/ui/assets/laserwave-C_8bwKvT.js                    11.49 kB │ gzip:   2.57 kB
dist/ui/assets/gherkin-DExj1W_8.js                      11.93 kB │ gzip:   5.04 kB
dist/ui/assets/wasm-ByWQv1Qj.js                         12.00 kB │ gzip:   2.17 kB
dist/ui/assets/hjson-CxZEssPk.js                        12.04 kB │ gzip:   1.64 kB
dist/ui/assets/handlebars-BBFEg4Lo.js                   12.16 kB │ gzip:   2.38 kB
dist/ui/assets/apache-U0d_L8uA.js                       12.44 kB │ gzip:   3.71 kB
dist/ui/assets/vesper-D5bVUKB1.js                       12.68 kB │ gzip:   1.98 kB
dist/ui/assets/bat-Bo4NYOV-.js                          12.88 kB │ gzip:   3.22 kB
dist/ui/assets/fish-BJitypiv.js                         13.03 kB │ gzip:   1.73 kB
dist/ui/assets/v-DETTlOr0.js                            13.20 kB │ gzip:   2.73 kB
dist/ui/assets/vitesse-light-VbXTXTou.js                13.61 kB │ gzip:   3.03 kB
dist/ui/assets/aurora-x-CDeNXAV0.js                     13.65 kB │ gzip:   2.28 kB
dist/ui/assets/vitesse-black-fwtXNY1n.js                13.67 kB │ gzip:   3.05 kB
dist/ui/assets/vitesse-dark-BZCL-v6S.js                 13.75 kB │ gzip:   3.06 kB
dist/ui/assets/pug-CMgI5afi.js                          13.84 kB │ gzip:   2.58 kB
dist/ui/assets/luau-CNKltnaQ.js                         13.95 kB │ gzip:   3.16 kB
dist/ui/assets/synthwave-84-nFMaYfgc.js                 14.03 kB │ gzip:   2.85 kB
dist/ui/assets/github-light-default-BXViO-2h.js         14.15 kB │ gzip:   3.02 kB
dist/ui/assets/clarity-SemFz856.js                      14.26 kB │ gzip:   2.46 kB
dist/ui/assets/github-light-high-contrast-B68TUdTA.js   14.27 kB │ gzip:   3.00 kB
dist/ui/assets/github-dark-dimmed-Bx1FflLF.js           14.43 kB │ gzip:   3.11 kB
dist/ui/assets/github-dark-default-DXG-b-1a.js          14.43 kB │ gzip:   3.12 kB
dist/ui/assets/github-dark-high-contrast-B_tTalzw.js    14.59 kB │ gzip:   3.07 kB
dist/ui/assets/gnuplot-7GGW24-e.js                      14.77 kB │ gzip:   3.27 kB
dist/ui/assets/rust-Cfkwpbl8.js                         15.06 kB │ gzip:   2.71 kB
dist/ui/assets/kusto-BUv0MjJC.js                        15.16 kB │ gzip:   3.93 kB
dist/ui/assets/actionscript-3--17pq3dv.js               15.19 kB │ gzip:   2.67 kB
dist/ui/assets/nix-IvuFDN5E.js                          15.50 kB │ gzip:   2.47 kB
dist/ui/assets/lua-CiyBp52Y.js                          15.58 kB │ gzip:   3.18 kB
dist/ui/assets/abap-CLvhMVsD.js                         15.84 kB │ gzip:   5.93 kB
dist/ui/assets/solidity-CKzVLygQ.js                     16.06 kB │ gzip:   3.09 kB
dist/ui/assets/matlab-D7qyCx1q.js                       16.07 kB │ gzip:   3.06 kB
dist/ui/assets/cue-CE9AQfxI.js                          16.19 kB │ gzip:   2.04 kB
dist/ui/assets/elixir-9FKfw4cJ.js                       16.26 kB │ gzip:   2.76 kB
dist/ui/assets/odin-B1RWQWA5.js                         16.50 kB │ gzip:   2.92 kB
dist/ui/assets/bird2-C2hNVINV.js                        16.96 kB │ gzip:   3.84 kB
dist/ui/assets/kanagawa-wave-CTweb8Dz.js                17.12 kB │ gzip:   2.90 kB
dist/ui/assets/kanagawa-lotus-BN08jTvb.js               17.12 kB │ gzip:   2.90 kB
dist/ui/assets/kanagawa-dragon-CXtmUGW6.js              17.12 kB │ gzip:   2.92 kB
dist/ui/assets/move-B1IS1UjX.js                         17.49 kB │ gzip:   3.06 kB
dist/ui/assets/graphql-B9LqP-cY.js                      18.07 kB │ gzip:   2.53 kB
dist/ui/assets/liquid-CA-AS3EX.js                       18.10 kB │ gzip:   3.14 kB
dist/ui/assets/svelte-1jM2ejXj.js                       18.24 kB │ gzip:   3.14 kB
dist/ui/assets/material-theme-Bm3Qr25_.js               18.61 kB │ gzip:   3.10 kB
dist/ui/assets/material-theme-darker-2IIEA8gg.js        18.62 kB │ gzip:   3.10 kB
dist/ui/assets/material-theme-ocean-CHQ94UKr.js         18.62 kB │ gzip:   3.12 kB
dist/ui/assets/material-theme-lighter-uhdI0v04.js       18.63 kB │ gzip:   3.10 kB
dist/ui/assets/material-theme-palenight-B5W6OYN7.js     18.63 kB │ gzip:   3.11 kB
dist/ui/assets/gdscript-Cp2uCuqX.js                     18.98 kB │ gzip:   3.75 kB
dist/ui/assets/groovy-CacY0gHj.js                       19.17 kB │ gzip:   3.59 kB
dist/ui/assets/mdc-PyJv85eS.js                          19.54 kB │ gzip:   6.66 kB
dist/ui/assets/ayu-dark-DluEY0Gj.js                     20.07 kB │ gzip:   3.93 kB
dist/ui/assets/ayu-mirage-Bqwy1Gya.js                   20.08 kB │ gzip:   3.91 kB
dist/ui/assets/glimmer-js-t2kiCkyB.js                   20.08 kB │ gzip:   2.94 kB
dist/ui/assets/glimmer-ts-F0Jv5okV.js                   20.08 kB │ gzip:   2.93 kB
dist/ui/assets/powershell-DshXNtvi.js                   20.14 kB │ gzip:   4.05 kB
dist/ui/assets/ayu-light-C3h-C4tm.js                    20.14 kB │ gzip:   3.89 kB
dist/ui/assets/viml-DvXPmvsu.js                         20.35 kB │ gzip:   6.73 kB
dist/ui/assets/nushell-DcLAeLz5.js                      20.40 kB │ gzip:   5.21 kB
dist/ui/assets/snazzy-light-4G7pJPwS.js                 20.77 kB │ gzip:   3.80 kB
dist/ui/assets/twig-DVg-vELl.js                         20.90 kB │ gzip:   3.66 kB
dist/ui/assets/dracula-BHWKrbxM.js                      21.06 kB │ gzip:   3.99 kB
dist/ui/assets/dracula-soft-5eyTD99u.js                 21.07 kB │ gzip:   4.02 kB
dist/ui/assets/wit-DdvCle-K.js                          21.46 kB │ gzip:   2.87 kB
dist/ui/assets/rose-pine-BthvhNj6.js                    21.74 kB │ gzip:   3.86 kB
dist/ui/assets/rose-pine-moon-hon4tzzS.js               21.75 kB │ gzip:   3.87 kB
dist/ui/assets/rose-pine-dawn-Dg85fqjY.js               21.75 kB │ gzip:   3.88 kB
dist/ui/assets/nim-CKE1dzpU.js                          22.45 kB │ gzip:   3.15 kB
dist/ui/assets/common-lisp-Cv5bFMCO.js                  22.57 kB │ gzip:   6.07 kB
dist/ui/assets/surrealql-Bz4JbU-9.js                    22.58 kB │ gzip:   4.31 kB
dist/ui/assets/gruvbox-dark-hard-C820rvS2.js            22.63 kB │ gzip:   4.15 kB
dist/ui/assets/gruvbox-dark-soft-MrdJrrXF.js            22.63 kB │ gzip:   4.15 kB
dist/ui/assets/gruvbox-light-hard-BC_s9l72.js           22.63 kB │ gzip:   4.16 kB
dist/ui/assets/gruvbox-light-soft-BSMLrYjP.js           22.63 kB │ gzip:   4.16 kB
dist/ui/assets/gruvbox-dark-medium-BPjhmG05.js          22.63 kB │ gzip:   4.15 kB
dist/ui/assets/gruvbox-light-medium-BAWPOn9u.js         22.63 kB │ gzip:   4.16 kB
dist/ui/assets/sql-Ccv_yeUm.js                          23.46 kB │ gzip:   7.48 kB
dist/ui/assets/cadence-CQ2zXKGN.js                      23.66 kB │ gzip:   3.65 kB
dist/ui/assets/typespec-B88KGewJ.js                     24.01 kB │ gzip:   2.58 kB
dist/ui/assets/astro-C51vqDKq.js                        24.02 kB │ gzip:   7.59 kB
dist/ui/assets/apl-BmYHKQ6m.js                          24.02 kB │ gzip:   4.16 kB
dist/ui/assets/templ-C-VwELcp.js                        24.06 kB │ gzip:   5.41 kB
dist/ui/assets/angular-html-BkgDQl-G.js                 24.23 kB │ gzip:   3.98 kB
dist/ui/assets/vhdl-BroJfC0k.js                         24.25 kB │ gzip:   3.86 kB
dist/ui/assets/vue-wPQ7UlMy.js                          24.48 kB │ gzip:   2.96 kB
dist/ui/assets/purescript-9MfHhQsQ.js                   24.67 kB │ gzip:   3.24 kB
dist/ui/assets/one-light-D7Lr4KcI.js                    25.29 kB │ gzip:   3.63 kB
dist/ui/assets/fsharp-D13ZGOAj.js                       25.30 kB │ gzip:   4.12 kB
dist/ui/assets/marko-_BWrPfny.js                        25.48 kB │ gzip:   3.59 kB
dist/ui/assets/c3-CnJL0r0V.js                           25.62 kB │ gzip:   3.85 kB
dist/ui/assets/night-owl-light-eJ-hLW7d.js              25.89 kB │ gzip:   4.23 kB
dist/ui/assets/system-verilog-DJ5XKQeo.js               26.19 kB │ gzip:   4.82 kB
dist/ui/assets/nord-Cb4Vim4T.js                         26.72 kB │ gzip:   4.35 kB
dist/ui/assets/codeql-oeQT6MSM.js                       26.87 kB │ gzip:   3.79 kB
dist/ui/assets/scss-BfZXsAWQ.js                         27.25 kB │ gzip:   4.22 kB
dist/ui/assets/java-ppHvycj5.js                         27.27 kB │ gzip:   4.30 kB
dist/ui/assets/coffee-vVdGzlmt.js                       27.42 kB │ gzip:   6.35 kB
dist/ui/assets/razor-i4DbHr8p.js                        27.45 kB │ gzip:   3.54 kB
dist/ui/assets/scala-DKOlJaKm.js                        28.87 kB │ gzip:   3.92 kB
dist/ui/assets/night-owl-DhmEMT88.js                    28.91 kB │ gzip:   5.14 kB
dist/ui/assets/crystal-5UZy6KIX.js                      29.41 kB │ gzip:   4.44 kB
dist/ui/assets/mermaid-Bk4SNUv9.js                      29.50 kB │ gzip:   3.64 kB
dist/ui/assets/applescript-CCn79oCD.js                  29.56 kB │ gzip:   5.94 kB
dist/ui/assets/pierre-dark-sU4Zdns8.js                  30.51 kB │ gzip:   4.73 kB
dist/ui/assets/pierre-light-DWBk51d8.js                 30.52 kB │ gzip:   4.72 kB
dist/ui/assets/pierre-dark-soft-HXgun5vs.js             30.52 kB │ gzip:   4.76 kB
dist/ui/assets/pierre-light-soft-CodEzPxf.js            30.52 kB │ gzip:   4.71 kB
dist/ui/assets/julia-76hRaaGz.js                        30.99 kB │ gzip:   4.30 kB
dist/ui/assets/stylus-B6D30XZt.js                       31.06 kB │ gzip:   8.01 kB
dist/ui/assets/poimandres-DRFjx7u4.js                   33.49 kB │ gzip:   5.49 kB
dist/ui/assets/one-dark-pro-CLwyXe_n.js                 33.78 kB │ gzip:   5.50 kB
dist/ui/assets/bsl-BkkzgIyY.js                          33.86 kB │ gzip:   8.34 kB
dist/ui/assets/haxe-OTjmBuCE.js                         35.15 kB │ gzip:   5.90 kB
dist/ui/assets/nginx-DAWVw8yu.js                        35.35 kB │ gzip:   4.45 kB
dist/ui/assets/houston-CsvMBhTu.js                      35.41 kB │ gzip:   5.76 kB
dist/ui/assets/tokyo-night-oM2G3aXe.js                  35.66 kB │ gzip:   6.22 kB
dist/ui/assets/erlang-Cphh6RMH.js                       37.47 kB │ gzip:   4.36 kB
dist/ui/assets/cobol-Cf6azoN_.js                        39.09 kB │ gzip:  10.89 kB
dist/ui/assets/asm-Cmm7eHzH.js                          40.71 kB │ gzip:   8.16 kB
dist/ui/assets/haskell-D8IpX4py.js                      41.48 kB │ gzip:   6.41 kB
dist/ui/assets/shellscript-BC2srNaB.js                  41.53 kB │ gzip:   6.12 kB
dist/ui/assets/workspace-app-BubH7g8V.js                41.68 kB │ gzip:  14.73 kB
dist/ui/assets/perl-BBhWva19.js                         43.14 kB │ gzip:   4.64 kB
dist/ui/assets/d-qD-0Kul2.js                            43.78 kB │ gzip:   8.43 kB
dist/ui/assets/ruby-C5zYZIyl.js                         45.83 kB │ gzip:   5.56 kB
dist/ui/assets/go-BJwz_mda.js                           46.80 kB │ gzip:   5.15 kB
dist/ui/assets/apex-CGTLDQj6.js                         46.97 kB │ gzip:   6.72 kB
dist/ui/assets/catppuccin-mocha-DYhrFGRu.js             47.25 kB │ gzip:   7.98 kB
dist/ui/assets/catppuccin-latte-DwIHMF0Q.js             47.25 kB │ gzip:   7.98 kB
dist/ui/assets/catppuccin-frappe-3VR1Za6u.js            47.25 kB │ gzip:   7.99 kB
dist/ui/assets/catppuccin-macchiato-DYnBP6_5.js         47.26 kB │ gzip:   7.99 kB
dist/ui/assets/ada-C5qYipkI.js                          48.07 kB │ gzip:   5.96 kB
dist/ui/assets/css-DEfus9J5.js                          49.07 kB │ gzip:  11.94 kB
dist/ui/assets/imba-DsUTQ-LC.js                         49.92 kB │ gzip:   9.47 kB
dist/ui/assets/everforest-dark-sB-x3p7T.js              53.74 kB │ gzip:   8.37 kB
dist/ui/assets/everforest-light-Df2xbC6M.js             53.74 kB │ gzip:   8.36 kB
dist/ui/assets/wikitext-ClFFjSW2.js                     55.87 kB │ gzip:   4.81 kB
dist/ui/assets/stata-CGQEuSZq.js                        56.99 kB │ gzip:  12.39 kB
dist/ui/assets/html-D-C6YZk4.js                         57.31 kB │ gzip:  11.78 kB
dist/ui/assets/ballerina-B7ZEbQpA.js                    58.68 kB │ gzip:   8.10 kB
dist/ui/assets/markdown-BYOwaDjH.js                     59.32 kB │ gzip:   5.66 kB
dist/ui/assets/ocaml-O90oeIOV.js                        62.44 kB │ gzip:   5.04 kB
dist/ui/assets/mojo-BgCJLMeH.js                         69.79 kB │ gzip:   9.21 kB
dist/ui/assets/python-gzcpVVnB.js                       69.94 kB │ gzip:   9.09 kB
dist/ui/assets/c-IBzBpxAO.js                            72.16 kB │ gzip:  10.55 kB
dist/ui/assets/latex-CVO2Byab.js                        72.61 kB │ gzip:   6.68 kB
dist/ui/assets/vyper-CgoNMtux.js                        74.64 kB │ gzip:  10.69 kB
dist/ui/assets/hack-8yjdbaSA.js                         80.18 kB │ gzip:  26.27 kB
dist/ui/assets/swift-DonLKvLd.js                        86.68 kB │ gzip:  14.69 kB
dist/ui/assets/fortran-free-form-CYNrtFtB.js            88.96 kB │ gzip:  11.18 kB
dist/ui/assets/csharp-Ct8U2NOr.js                       89.68 kB │ gzip:  10.64 kB
dist/ui/assets/racket-DcIDlBhZ.js                       92.38 kB │ gzip:  15.07 kB
dist/ui/assets/less-DVTAwKKz.js                         97.62 kB │ gzip:  14.84 kB
dist/ui/assets/blade-CdhVsmwq.js                       104.97 kB │ gzip:  28.30 kB
dist/ui/assets/objective-c-D1A_Heim.js                 105.40 kB │ gzip:  23.63 kB
dist/ui/assets/php-ChIeaAoF.js                         111.05 kB │ gzip:  28.65 kB
dist/ui/assets/asciidoc-DE70LPWp.js                    131.52 kB │ gzip:   9.31 kB
dist/ui/assets/mdx-DQZ5AkYe.js                         136.10 kB │ gzip:  23.54 kB
dist/ui/assets/useFileDiffInstance-TVriknn_.js         167.35 kB │ gzip:  44.01 kB
dist/ui/assets/objective-cpp-BsSzOQcm.js               171.96 kB │ gzip:  30.98 kB
dist/ui/assets/javascript-DDTjKLlQ.js                  174.88 kB │ gzip:  16.67 kB
dist/ui/assets/tsx-CTXzrBkN.js                         175.59 kB │ gzip:  16.67 kB
dist/ui/assets/jsx-04X2FT_1.js                         177.84 kB │ gzip:  16.76 kB
dist/ui/assets/typescript--ElHoFkw.js                  181.13 kB │ gzip:  16.28 kB
dist/ui/assets/angular-ts-Bxh4-O1-.js                  183.73 kB │ gzip:  16.78 kB
dist/ui/assets/client-CmqlmOiR.js                      189.62 kB │ gzip:  59.63 kB
dist/ui/assets/vue-vine-CNSGAWwc.js                    190.05 kB │ gzip:  18.07 kB
dist/ui/assets/wolfram-DLL8P-h_.js                     262.38 kB │ gzip:  77.63 kB
dist/ui/assets/scrollbar-fhoJq5kd.js                   263.27 kB │ gzip:  77.58 kB
dist/ui/assets/app-BTzLZEXo.js                         335.26 kB │ gzip:  79.90 kB
dist/ui/assets/wasm-BnjxR4X6.js                        622.32 kB │ gzip: 232.09 kB
dist/ui/assets/cpp-CVHeO-Jk.js                         626.12 kB │ gzip:  48.08 kB
dist/ui/assets/emacs-lisp-C9PiwqqW.js                  779.84 kB │ gzip: 197.53 kB

[32m✓ built in 558ms[39m
